Resolving dependencies...
Downloading packages...
  characters 1.4.0 (1.4.1 available)
  flutter_lints 3.0.2 (6.0.0 available)
  flutter_riverpod 2.6.1 (3.4.2 available)
  google_mlkit_commons 0.8.1 (0.12.0 available)
  google_mlkit_text_recognition 0.13.1 (0.16.0 available)
  hooks 2.0.2 (2.1.0 available)
  image_picker_android 0.8.13+17 (0.8.13+19 available)
  intl 0.20.2 (0.20.3 available)
  lints 3.0.0 (6.1.0 available)
  matcher 0.12.17 (0.12.20 available)
  material_color_utilities 0.11.1 (0.13.0 available)
  meta 1.17.0 (1.19.0 available)
  mobile_scanner 5.2.3 (7.4.0 available)
  package_config 2.2.0 (3.0.0 available)
  permission_handler 11.4.0 (12.0.3 available)
  permission_handler_android 12.1.0 (13.0.1 available)
  phone_state 3.0.1 (4.0.1 available)
  record_use 0.6.0 (1.0.0 available)
  riverpod 2.6.1 (3.4.2 available)
  share_plus 10.1.4 (13.3.0 available)
  share_plus_platform_interface 5.0.2 (7.2.0 available)
  test_api 0.7.7 (0.7.13 available)
  url_launcher_android 6.3.30 (6.3.32 available)
  vector_math 2.2.0 (2.4.1 available)
  win32 5.15.0 (6.3.0 available)
Got dependencies!
25 packages have newer versions incompatible with dependency constraints.
Try `flutter pub outdated` for more information.
Running Gradle task 'assembleRelease'...                        
lib/engine/alert_engine.dart:71:30: Error: The getter 'ScamCategory' isn't defined for the type 'AlertEngine'.
 - 'AlertEngine' is from 'package:rakshak/engine/alert_engine.dart' ('lib/engine/alert_engine.dart').
Try correcting the name to the name of an existing getter, or defining a getter or field named 'ScamCategory'.
          entity.category == ScamCategory.otpScam) {
                             ^^^^^^^^^^^^
Target kernel_snapshot_program failed: Exception


FAILURE: Build failed with an exception.

* What went wrong:
Execution failed for task ':app:compileFlutterBuildRelease'.
> Process 'command 'C:\Users\LENOVO\Downloads\flutter_windows_3.38.5-stable\flutter\bin\flutter.bat'' finished with non-zero exit value 1

* Try:
> Run with --stacktrace option to get the stack trace.
> Run with --info or --debug option to get more log output.
> Run with --scan to get full insights.
> Get more help at https://help.gradle.org.

BUILD FAILED in 43s
Running Gradle task 'assembleRelease'...                           44.2s
Gradle task assembleRelease failed with exit code 1
